// Jest Snapshot v1, https://goo.gl/fbAQLP

exports[`Test component <GifExpertApp /> Debe demostrar lista de categorias  1`] = `0`;

exports[`Test component <GifExpertApp /> Test correct making component 1`] = `
<Fragment>
  <h2>
    GifExpertApp
  </h2>
  <AddCategory
    setCategories={[Function]}
  />
  <hr />
  <ol />
</Fragment>
`;
